[2026-08-04T00:07:05.829Z] 📝 Loaded system prompt.
[2026-08-04T00:07:05.831Z] 🔧 Initializing WhatsApp Client...
[2026-08-04T00:07:10.639Z] ✅ WhatsApp client ready for AUTO-REPLY
[2026-08-04T00:07:10.641Z] ⏳ Stabilizing connection for 10 seconds to load messages...
[2026-08-04T00:07:20.721Z] 💥 Error during auto-reply process: r: r
    at #evaluate (/app/node_modules/puppeteer-core/lib/cjs/puppeteer/cdp/ExecutionContext.js:391:56)
    at async ExecutionContext.evaluate (/app/node_modules/puppeteer-core/lib/cjs/puppeteer/cdp/ExecutionContext.js:277:16)
    at async IsolatedWorld.evaluate (/app/node_modules/puppeteer-core/lib/cjs/puppeteer/cdp/IsolatedWorld.js:100:16)
    at async CdpFrame.evaluate (/app/node_modules/puppeteer-core/lib/cjs/puppeteer/api/Frame.js:362:20)
    at async CdpPage.evaluate (/app/node_modules/puppeteer-core/lib/cjs/puppeteer/api/Page.js:830:20)
    at async Client.getChats (/app/node_modules/whatsapp-web.js/src/Client.js:1669:23)
    at async Client.<anonymous> (file:///app/reply.js:164:27)
[2026-08-04T00:15:28.663Z] 📝 Loaded system prompt.
[2026-08-04T00:15:28.665Z] 🔧 Initializing WhatsApp Client...
[2026-08-04T00:15:32.343Z] ✅ WhatsApp client ready for AUTO-REPLY (Live Mode)
[2026-08-04T00:15:32.343Z] ⏳ Bot will stay active for 9 minutes and listen for incoming messages...
[2026-08-04T00:15:50.706Z] 📩 New live message received from 85001798438961@lid
[2026-08-04T00:15:50.720Z] ⚠️ Error processing message in queue: r
[2026-08-04T00:16:14.255Z] 📩 New live message received from 85001798438961@lid
[2026-08-04T00:16:14.272Z] ⚠️ Error processing message in queue: r
[2026-08-04T00:22:28.535Z] 📝 Loaded prompt.
[2026-08-04T00:22:28.537Z] 🔧 Initializing...
[2026-08-04T00:22:32.799Z] ✅ Bot Ready (Live Mode - 9 minutes)
[2026-08-04T00:23:04.094Z] 📩 New message from 85001798438961@lid
[2026-08-04T00:23:04.094Z] 💬 Replying to 85001798438961@lid: "Salam..."
[2026-08-04T00:23:04.095Z] 🧠 AI thinking: "Salam..."
[2026-08-04T00:23:09.220Z] ✔ Replied successfully.
[2026-08-04T00:23:14.280Z] 📩 New message from 85001798438961@lid
[2026-08-04T00:23:14.280Z] 💬 Replying to 85001798438961@lid: "Hdhd..."
[2026-08-04T00:23:14.280Z] 🧠 AI thinking: "Hdhd..."
[2026-08-04T00:23:15.276Z] 📩 New message from 85001798438961@lid
[2026-08-04T00:23:16.296Z] 📩 New message from 85001798438961@lid
[2026-08-04T00:23:28.682Z] ✔ Replied successfully.
[2026-08-04T00:23:30.683Z] 💬 Replying to 85001798438961@lid: "Jfufyf..."
[2026-08-04T00:23:30.683Z] 🧠 AI thinking: "Jfufyf..."
[2026-08-04T00:23:44.589Z] ✔ Replied successfully.
[2026-08-04T00:23:46.591Z] 💬 Replying to 85001798438961@lid: "Hrvfuf..."
[2026-08-04T00:23:46.592Z] 🧠 AI thinking: "Hrvfuf..."
[2026-08-04T00:23:51.081Z] ✔ Replied successfully.
[2026-08-04T00:27:28.719Z] 📩 New message from 85001798438961@lid
[2026-08-04T00:27:28.719Z] 💬 Replying to 85001798438961@lid: "Send pe a message contains 100 word..."
[2026-08-04T00:27:28.719Z] 🧠 AI thinking: "Send pe a message contains 100..."
[2026-08-04T00:27:42.776Z] ✔ Replied successfully.
[2026-08-04T00:27:56.904Z] 📩 New message from 85001798438961@lid
[2026-08-04T00:27:56.904Z] 💬 Replying to 85001798438961@lid: "Send me a message contains 100 word..."
[2026-08-04T00:27:56.904Z] 🧠 AI thinking: "Send me a message contains 100..."
[2026-08-04T00:28:13.947Z] ✔ Replied successfully.
[2026-08-04T00:28:37.077Z] 📩 New message from 85001798438961@lid
[2026-08-04T00:28:37.077Z] 💬 Replying to 85001798438961@lid: "Salam..."
[2026-08-04T00:28:37.077Z] 🧠 AI thinking: "Salam..."
[2026-08-04T00:28:41.774Z] ✔ Replied successfully.
[2026-08-04T00:31:32.807Z] ⏰ 9 mins over. Shutting down...
[2026-08-04T00:35:13.943Z] 📝 Loaded prompt.
[2026-08-04T00:35:13.945Z] 🔧 Initializing...
[2026-08-04T00:35:19.487Z] ✅ Bot Ready (Live Mode - 9 minutes)
[2026-08-04T00:36:40.920Z] 📩 Message chunk received from 85001798438961@lid: "Hi"
[2026-08-04T00:36:42.197Z] 📩 Message chunk received from 85001798438961@lid: "Hiw"
[2026-08-04T00:36:44.165Z] 📩 Message chunk received from 85001798438961@lid: "Are"
[2026-08-04T00:36:45.625Z] 📩 Message chunk received from 85001798438961@lid: "You"
[2026-08-04T00:36:47.540Z] 📩 Message chunk received from 85001798438961@lid: "Doing"
[2026-08-04T00:36:49.242Z] 📩 Message chunk received from 85001798438961@lid: "?"
[2026-08-04T00:36:59.251Z] ✅ User 85001798438961@lid stopped typing. Combined text: "Hi Hiw Are You Doing ?..."
[2026-08-04T00:36:59.252Z] 💬 Replying to 85001798438961@lid: "Hi Hiw Are You Doing ?..."
[2026-08-04T00:36:59.252Z] 🧠 AI thinking: "Hi Hiw Are You Doing ?..."
[2026-08-04T00:37:05.915Z] ✔ Replied successfully.
[2026-08-04T00:44:19.499Z] ⏰ 9 mins over. Shutting down...
